
> frontend@0.1.0 build
> next build

Γû▓ Next.js 16.1.6 (Turbopack)

  Creating an optimized production build ...
Γ£ô Compiled successfully in 3.4s
  Running TypeScript ...
  Collecting page data using 11 workers ...
  Generating static pages using 11 workers (0/16) ...
  Generating static pages using 11 workers (4/16) 
  Generating static pages using 11 workers (8/16) 
  Generating static pages using 11 workers (12/16) 
Γ£ô Generating static pages using 11 workers (16/16) in 346.8ms
  Finalizing page optimization ...

Route (app)
Γöî Γùï /
Γö£ Γùï /_not-found
Γö£ Γùï /admin
Γö£ Γùï /analytics
Γö£ Γùï /chat
Γö£ Γùï /dashboard
Γö£ Γùï /login
Γö£ Γùï /pharmacist
Γö£ Γùï /refill-alerts
Γö£ Γùï /register
Γö£ Γùï /settings
Γö£ Γùï /symptom
Γö£ Γùï /vision
Γöö Γùï /voice


Γùï  (Static)  prerendered as static content

